// Jest Snapshot v1, https://goo.gl/fbAQLP

exports[`HeroPresentation Background set & no foreground content 1`] = `
<section
  class="
      flex
      justify-center
      text-white h-96
    "
  data-testid="HeroPresentation"
/>
`;

exports[`HeroPresentation Renders "left" variant 1`] = `
<section
  class="
      flex
      justify-center
      text-white py-8
    "
  data-testid="HeroPresentation"
>
  <div
    class="
            flex
            flex-grow
            flex-initial
            items-center
            max-w-screen-xl
            px-8
            flex-row justify-start
          "
    data-testid="HeroPresentation__foreground"
  >
    <div
      class="mr-5"
    >
      foregroundIcon
    </div>
    foregroundText
  </div>
</section>
`;
