// Jest Snapshot v1, https://goo.gl/fbAQLP

exports[`SearchDialect Container 1`] = `
<div
  className="SearchDialect"
  data-testid="SearchDialect"
>
  <form
    className="SearchDialectForm"
    onSubmit={[Function]}
  >
    <div
      className="SearchDialectFormPrimary"
    >
      <input
        className="SearchDialectFormPrimaryInput fontBCSans"
        data-testid="SearchDialectFormPrimaryInput"
        name="searchTerm"
        onKeyPress={[Function]}
        type="text"
      />
      <select
        className="SearchDialectFormSelectSearchType fontBCSans"
        data-testid="SearchDialectFormSelectSearchType"
        defaultValue="match"
        name="searchStyle"
      >
        <option
          value="match"
        >
          Default
        </option>
        <option
          value="approx"
        >
          Approximate
        </option>
        <option
          value="exact"
        >
          Exact
        </option>
        <option
          value="contains"
        >
          Contains
        </option>
        <option
          value="starts_with"
        >
          Starts with
        </option>
        <option
          value="ends_with"
        >
          Ends with
        </option>
        <option
          value="wildcard"
        >
          Wildcard
        </option>
      </select>
      <button
        className="MuiButtonBase-root MuiButton-root MuiButton-contained MuiButton-containedPrimary"
        disabled={false}
        onBlur={[Function]}
        onDragLeave={[Function]}
        onFocus={[Function]}
        onKeyDown={[Function]}
        onKeyUp={[Function]}
        onMouseDown={[Function]}
        onMouseLeave={[Function]}
        onMouseUp={[Function]}
        onTouchEnd={[Function]}
        onTouchMove={[Function]}
        onTouchStart={[Function]}
        tabIndex={0}
        type="submit"
      >
        <span
          className="MuiButton-label"
        />
      </button>
      <button
        className="MuiButtonBase-root MuiButton-root MuiButton-contained"
        disabled={false}
        onBlur={[Function]}
        onClick={[Function]}
        onDragLeave={[Function]}
        onFocus={[Function]}
        onKeyDown={[Function]}
        onKeyUp={[Function]}
        onMouseDown={[Function]}
        onMouseLeave={[Function]}
        onMouseUp={[Function]}
        onTouchEnd={[Function]}
        onTouchMove={[Function]}
        onTouchStart={[Function]}
        style={
          Object {
            "marginLeft": "20px",
          }
        }
        tabIndex={0}
        type="button"
      >
        <span
          className="MuiButton-label"
        >
          Reset search
        </span>
      </button>
    </div>
    <div
      className="SearchDialectFormSecondary"
    >
      <span
        className="SearchDialectFormSecondaryGroup"
      >
        <input
          className="SearchDialectOption"
          defaultChecked={true}
          id="searchByTitle"
          name="searchByTitle"
          type="checkbox"
        />
        <label
          className="SearchDialectLabel"
          htmlFor="searchByTitle"
        >
          Word
        </label>
      </span>
      <span
        className="SearchDialectFormSecondaryGroup"
      >
        <input
          className="SearchDialectOption"
          defaultChecked={true}
          id="searchByDefinitions"
          name="searchByDefinitions"
          type="checkbox"
        />
        <label
          className="SearchDialectLabel"
          htmlFor="searchByDefinitions"
        >
          Definitions
        </label>
      </span>
      <span
        className="SearchDialectFormSecondaryGroup"
      >
        <input
          className="SearchDialectOption"
          id="searchByTranslations"
          name="searchByTranslations"
          type="checkbox"
        />
        <label
          className="SearchDialectLabel"
          htmlFor="searchByTranslations"
        >
          Literal translations
        </label>
      </span>
      <span
        className="SearchDialectFormSecondaryGroup"
      >
        <label
          className="SearchDialectLabel"
          htmlFor="searchPartOfSpeech"
        >
          Parts of speech:
        </label>
        <select
          className="SearchDialectOption"
          defaultValue="Any"
          id="searchPartOfSpeech"
          name="searchPartOfSpeech"
        >
          <option
            disabled={false}
            value="Any"
          >
            Any
          </option>
          <option
            disabled={true}
            value={null}
          >
            ─────────────
          </option>
          <option
            disabled={false}
            value="adverb"
          >
            Adverb
          </option>
        </select>
      </span>
    </div>
  </form>
</div>
`;
